max=0 
max=0 
max=0 
max=0 
max=0 
max=0 
max=0 
max=0 
max=0 
max=0 
max=0 
max=0 
max=0 
max=0 
max=0 
max=0 
max=0 
max=0 
max=0 
max=0 
max=0 
max=0 
max=0 
max=0 
max=0 
max=0 
max=0 
max=0 
max=0 
max=0 
max=0 
max=0 
max=0 
max=0 
max=0 
max=0 
max=0 
max=0 
max=0 
max=0 
max=0 
max=0 
max=0 
max=0 
max=0 
max=0 
max=0 
max=0 
max=0 
max=0 
max=0 
max=0 
max=0 
max=0 
max=0 
max=0 
max=0 
max=0 
max=0 
max=0 
max=0 
max=0 
max=0 
max=0 
max=0 
max=0 
max=0 
max=0 
max=0 
max=0 
max=0 
max=0 
max=0 
max=0 
max=0 
max=0 
max=0 
max=0 
max=0 
max=0 
max=0 
max=0 
max=0 
max=0 
max=0 
max=0 
max=0 
max=0 
max=0 
max=0 
max=0 
max=0 
max=0 
max=0 
max=0 
max=0 
max=0 
max=0 
max=0 
max=0 
max=0 
max=0 
max=0 
max=0 
max=0 
max=0 
max=0 
max=0 
max=0 
max=0 
max=0 
max=0 
max=0 
max=0 
max=0 
max=0 
max=0 
max=0 
max=0 
max=0 
max=0 
max=0 
max=0 
max=0 
max=0 
max=0 
max=0 
max=0 
max=0 
max=0 
max=0 
max=0 
max=0 
max=0 
max=0 
max=0 
max=0 
max=0 
max=0 
max=0 
max=0 
max=0 
max=0 
max=0 
max=0 
max=0 
max=0 
max=0 
max=0 
max=0 
max=0 
max=0 
max=0 
max=0 
max=0 
max=0 
max=0 
max=0 
max=0 
max=0 
max=0 
max=0 
max=0 
max=0 
max=0 
max=0 
max=0 
max=0 
max=0 
max=0 
max=0 
max=0 
max=0 
max=0 
max=0 
max=0 
max=0 
max=0 
max=0 
max=0 
max=0 
max=0 
max=0 
max=0 
max=0 
max=0 
max=0 
max=0 
max=0 
max=0 
max=0 
max=0 
max=0 
max=0 
max=0 
max=0 
max=0 
max=0 
max=0 
max=0 
max=0 
max=0 
max=0 
max=0 
max=0 
max=0 
max=0 
max=0 
max=0 
max=0 
max=0 
max=0 
max=0 
max=0 
max=0 
max=0 
max=0 
max=0 
max=0 
max=0 
max=0 
max=0 
max=0 
max=0 
max=0 
max=0 
max=0 
max=0 
max=0 
max=0 
max=0 
max=0 
max=0 
max=0 
max=0 
max=0 
max=0 
max=0 
max=0 
max=0 
max=0 
max=0 
max=0 
max=0 
max=0 
max=0 
max=0 
max=0 
max=0 
max=0 
max=0 
max=0 
max=0 
max=0 
max=0 
max=0 
max=0 
max=0 
max=0 
max=0 
max=0 
max=0 
max=0 
max=0 
max=0 
max=0 
max=0 
max=0 
max=0 
max=0 
max=0 
max=0 
max=0 
max=0 
max=0 
max=0 
max=0 
max=0 
max=0 
max=0 
max=0 
max=0 
max=0 
max=0 
max=0 
max=0 
max=0 
max=0 
max=0 
max=0 
max=0 
max=0 
max=0 
max=0 
max=0 
max=0 
max=0 
max=0 
max=0 
max=0 
max=0 
max=0 
max=0 
max=0 
max=0 
max=0 
max=0 
max=0 
max=0 
max=0 
max=0 
max=0 
max=0 
max=0 
max=0 
max=0 
max=0 
max=0 
max=0 
max=0 
max=0 
max=0 
max=0 
max=0 
max=0 
max=0 
max=0 
max=0 
max=0 
max=0 
max=0 
max=0 
max=0 
max=0 
max=0 
max=0 
max=0 
max=0 
max=0 
max=0 
max=0 
max=0 
max=0 
max=0 
max=0 
max=0 
max=0 
max=0 
max=0 
max=0 
max=0 
max=0 
max=0 
max=0 
max=0 
max=0 
max=0 
max=0 
max=0 
max=0 
max=0 
max=0 
max=0 
max=0 
max=0 
max=0 
max=0 
max=0 
max=0 
max=0 
max=0 
max=0 
max=0 
max=0 
max=0 
max=0 
max=0 
max=0 
max=0 
max=0 
max=0 
max=0 
max=0 
max=0 
max=0 
max=0 
max=0 
max=0 
max=0 
max=0 
max=0 
max=0 
max=0 
max=0 
max=0 
max=0 
max=0 
max=0 
max=0 
max=0 
max=0 
max=0 
max=0 
max=0 
max=0 
max=0 
max=0 
max=0 
max=0 
max=0 
max=0 
max=0 
max=0 
max=0 
max=0 
max=0 
max=0 
max=0 
max=0 
max=0 
max=0 
max=0 
max=0 
max=0 
max=0 
max=0 
max=0 
max=0 
max=0 
max=0 
max=0 
max=0 
max=0 
max=0 
max=0 
max=0 
max=0 
max=0 
max=0 
max=0 
max=0 
max=0 
max=0 
max=0 
max=0 
max=0 
max=0 
max=0 
max=0 
max=0 
max=0 
max=0 
max=0 
max=0 
max=0 
max=0 
max=0 
max=0 
max=0 
max=0 
max=0 
max=0 
max=0 
max=0 
max=0 
max=0 
max=0 
max=0 
max=0 
max=0 
max=0 
max=0 
max=0 
max=0 
max=0 
max=0 
max=0 
max=0 
max=0 
max=0 
max=0 
max=0 
max=0 
max=0 
max=0 
max=0 
max=0 
max=0 
max=0 
max=0 
max=0 
max=0 
max=0 
max=0 
max=0 
max=0 
max=0 
max=0 
max=0 
max=0 
max=0 
max=0 
max=0 
max=0 
max=0 
max=0 
max=0 
max=0 
max=0 
max=0 
max=0 
max=0 
max=0 
max=0 
max=0 
max=0 
max=0 
max=0 
max=0 
max=0 
max=0 
max=0 
max=0 
max=0 
max=0 
max=0 
max=0 
max=0 
max=0 
max=0 
max=0 
max=0 
max=0 
max=0 
max=0 
max=0 
max=0 
max=0 
max=0 
max=0 
max=0 
max=0 
max=0 
max=0 
max=0 
max=0 
max=0 
max=0 
max=0 
max=0 
max=0 
max=0 
max=0 
max=0 
max=0 
max=0 
max=0 
max=0 
max=0 
max=0 
max=0 
max=0 
max=0 
max=0 
max=0 
max=0 
max=0 
max=0 
max=0 
max=0 
max=0 
max=0 
max=0 
max=0 
max=0 
max=0 
max=0 
max=0 
max=0 
max=0 
max=0 
max=0 
max=0 
max=0 
max=0 
max=0 
max=0 
max=0 
max=0 
max=0 
max=0 
max=0 
max=0 
max=0 
max=0 
max=0 
max=0 
max=0 
max=0 
max=0 
max=0 
max=0 
max=0 
max=0 
max=0 
max=0 
max=0 
max=0 
max=0 
max=0 
max=0 
max=0 
max=0 
max=0 
max=0 
max=0 
max=0 
max=0 
max=0 
max=0 
max=0 
max=0 
max=0 
max=0 
max=0 
max=0 
max=0 
max=0 
max=0 
max=0 
max=0 
max=0 
max=0 
max=0 
max=0 
max=0 
max=0 
max=0 
max=0 
max=0 
max=0 
max=0 
max=0 
max=0 
max=0 
max=0 
max=0 
max=0 
max=0 
max=0 
max=0 
max=0 
max=0 
max=0 
max=0 
max=0 
max=0 
max=0 
max=0 
max=0 
max=0 
max=0 
max=0 
max=0 
max=0 
max=0 
max=0 
max=0 
max=0 
max=0 
max=0 
max=0 
max=0 
max=0 
max=0 
max=0 
max=0 
max=0 
max=0 
max=0 
max=0 
max=0 
max=0 
max=0 
max=0 
max=0 
max=0 
max=0 
max=0 
max=0 
max=0 
max=0 
max=0 
max=0 
max=0 
max=0 
max=0 
max=0 
max=0 
max=0 
max=0 
max=0 
max=0 
max=0 
max=0 
max=0 
max=0 
max=0 
max=0 
max=0 
max=0 
max=0 
max=0 
max=0 
max=0 
max=0 
max=0 
max=0 
max=0 
max=0 
max=0 
max=0 
max=0 
max=0 
max=0 
max=0 
max=0 
max=0 
max=0 
max=0 
max=0 
max=0 
max=0 
max=0 
max=0 
max=0 
max=0 
max=0 
max=0 
max=0 
max=0 
max=0 
max=0 
max=0 
max=0 
max=0 
max=0 
max=0 
max=0 
max=0 
max=0 
max=0 
max=0 
max=0 
max=0 
max=0 
max=0 
max=0 
max=0 
max=0 
max=0 
max=0 
max=0 
max=0 
max=0 
max=0 
max=0 
max=0 
max=0 
max=576 616696415 324016969 704700500 501156146 867030544 911519843 993112665 989348169 700580073 930951295 361908047 948542294 591718096 713949053 176345399 559900373 962930304 660065446 869334758 286503888 700700003 487261116 944313915 784074113 642536696 150498453 510526113 983812237 376523959 49286902 299295658 942411375 821299325 75559148 937578776 439822669 472357186 6387696 340173328 135890239 91431020 243018192 864251827 317651459 417786451 691576252 459268489 510160916 996664678 396025546 628538840 857080966 258852198 422393518 195843483 612169252 825194366 500641689 923871508 332591399 878631256 534865934 283490171 247867111 97476779 170077797 844148070 338699705 477761282 926307027 491719802 654812561 459763732 302041790 16250082 362727315 863833451 483629735 144258530 702619365 760106171 627307744 376965343 921681422 349153963 372135435 723644804 163742915 801805312 632504856 339806828 484453503 574442677 428846680 20765371 113598745 452902211 502958069 291898532 362771761 
max=605 668667895 892513220 943000068 453007215 500197787 734854257 880333321 42270647 206040971 917821297 555046861 332535844 121386033 68264410 473386779 448342523 188572873 714451820 692440274 275496375 695629682 121600681 904014483 191613288 616027218 282058123 236200783 870714931 837849386 184398123 223709599 651074191 144293067 701741189 830705878 384347575 924611851 448625607 5743234 544420796 795853471 698206763 11057210 946281533 139563043 818564972 967041407 1378337 423772277 181013992 261401456 921356454 194556917 34660408 589021355 25336703 746780821 280004115 129726484 95129813 723805542 116196304 343011541 509482567 543036794 55457909 325388605 584665332 108526806 717893663 487224949 68995317 872356991 998859275 402747291 973625175 685397972 609487146 622168477 188553094 4179466 984094226 747434201 895443749 474943789 6735460 195600776 694712407 826956819 979098636 640399659 665307874 231934420 454048073 589975306 459362549 362757673 372710721 306454498 54922444 
max=620 187082600 412671307 259484273 931569160 454711528 251161735 742809050 394898988 194300318 438379884 581873654 779469098 522325165 415588511 899448794 707939386 450510442 941345105 739158749 285722854 909278644 692765105 386751628 456009800 407249873 866962613 885633179 345211886 433852340 366176289 600346535 292958151 149226741 398525079 133881982 192940747 195626871 881128067 16560595 207714502 333524694 810685102 236150459 464943937 436161367 367485477 660999449 858229968 951162793 591038715 69048299 206408883 89910355 302981582 988624744 9940354 622490406 812927300 17040255 792825211 337550779 838216742 5840663 747394583 136904213 270494770 947880669 636287207 576886454 765393194 565432041 91505384 423939261 997940702 85138504 959637745 194649642 895595381 263980638 255026990 156433605 439503456 457363210 992403035 195824764 606443211 145446710 836608584 990145193 218924839 972716970 506652129 84451007 879233417 811374520 758785450 1441492 810968304 73053831 983362337 
max=626 593583809 6826388 391439335 734439768 424941993 958205249 996127148 557248757 603005210 657583872 714283408 357667796 385646825 138977176 551025813 682230333 481744330 984645213 162734562 84766191 229541496 866931892 777306828 506620284 54451396 984530672 330595714 579936450 433860114 79326924 851372473 201207976 350128455 482223865 905497935 482255560 327745100 129758525 31820962 287516834 547898243 740103088 941989584 289740501 988633635 217937327 433104919 853618362 953580967 436607546 253828271 703960918 570881607 73086142 922258060 461559967 450036406 555541435 278590024 752382059 696972165 296426555 594852786 751731501 132515700 735087360 382501903 54957958 602328102 138854819 474046799 730695170 713748425 329827748 492484658 542359132 689595378 632172640 980805798 941521091 661694104 896533719 256522620 512658070 309678219 34634937 86410987 147453526 831338776 634553978 215862960 919674800 594957535 759718566 552311466 748934408 711434571 102413483 655142501 33453217 
max=631 91497741 382190825 922423925 55775150 811385509 316931754 435360847 364541684 606501341 103116130 627248493 829818251 797981342 302016095 806431638 391976537 872451795 561213293 661301458 251261509 791036012 748486808 196544882 693732564 927318635 491173746 601413814 259160727 469179880 771679177 218103452 483054414 762512018 242692530 445754769 132927939 60561629 337281190 754811506 336612332 642262543 424194451 376277028 903847034 992640739 901096152 112563320 296053392 506624725 765011821 868657090 858976018 894073306 710008575 160060888 990082242 45063858 803587731 26787609 571746395 32020289 543617758 825717097 472267501 260570392 439600179 301953123 710137163 272314988 795438928 786458629 42661476 499768674 532304111 929372779 357260198 817052391 315310604 362657965 188931064 824431764 755611801 20409495 833878019 844287409 143828117 118200365 824940330 108899564 713652802 421847647 934375129 761875472 849477903 67695336 672491241 640768903 30596450 287403280 18772219 
max=5040 12205576 236641813 183525771 531473098 721433077 697312410 91739508 858480768 728557532 593275816 149403032 707694491 344779479 551681971 240440213 97158895 885902753 315628073 79630646 957502764 470268573 65656637 251881136 278891643 516520093 103282145 252772743 840131899 809989930 628183267 572576676 293234830 596828077 342144993 261318787 156993322 222758525 788330519 281788934 423572139 644647320 131356665 228928913 491841805 781967905 555344184 267242660 430516945 974411507 889119525 163491527 318161644 788794771 115534617 770366886 22696061 160375722 466648259 616865366 421331095 452913974 906975838 831800545 795944719 798087998 754082610 757106831 10575227 83659360 606142549 862834185 412229855 374945361 796074997 542568346 600294297 255365361 719751292 341404837 328073681 169439845 853343769 659958620 40007334 658856385 393728811 421595409 380246967 595654729 313443276 98350963 701312839 670604517 498201533 846254141 340600016 747668421 760264687 147459043 650687526 426259463 332642355 350283890 137456869 720202257 941204885 605134200 767823118 945841804 944693357 200758510 666690802 458691281 73445972 933392807 440064146 181779980 705876647 350919703 950138699 78079134 550402482 266546142 463149740 471788121 606035348 30711755 566762039 758310483 105690943 838953676 92990280 806938683 72018576 640244179 510973458 836580108 338308647 535301699 222927282 698126281 130813577 207042506 978308124 412906569 617843929 995179582 120502075 965039119 966045289 374732976 950448609 232485382 565001506 480326442 285820199 974440603 689914495 409102155 843309425 321686695 891698910 798590156 133382828 87724159 346165495 45522997 406519058 533439494 100297789 664213750 636163349 95076811 12917592 325366620 945506297 335407900 330091157 692172430 626655136 475553416 858118835 541394405 925889124 204082915 459679230 554385706 117004719 361590307 779084884 454258874 481326509 832973084 735105935 290971496 760387067 587086159 322646577 838222369 242941761 930265445 681083772 626479040 362438921 453315884 574704742 930127028 124106801 962241265 18878917 96584193 337229813 513472697 326899226 880315890 468044980 937006147 232148717 83027726 723993547 734961166 25917933 307844136 689948336 515389459 889817886 206019718 84877693 801559626 554580572 112221838 764287074 707387611 386698933 692659052 944121247 960221648 258182468 168300967 713910003 775530157 982642974 608275754 301232503 126608223 124609523 89507573 834381059 861591256 547753538 405517560 290355699 327387411 248510857 601730452 360870279 429322040 937150093 318830755 150137845 165708139 39728901 834476624 198011864 729031581 855353899 63332678 753339884 198049252 817102699 541020067 224058891 399457748 346658448 647337476 304104852 44038706 608639232 518140775 463923862 443424295 88162765 791269402 961237411 826573144 634366947 359126133 883898457 385068084 365443841 944460159 576439369 907940180 346302900 136553044 155201149 615452417 478711962 139644127 777740317 679902698 284689528 855381066 105570574 264191643 977012572 983520115 659263887 167452401 780256533 191143410 801854779 28981261 245613149 161230884 315260054 225940507 334790924 476944184 90719749 383137467 4012293 372176163 194062097 172448097 856903294 484793770 546085608 689418924 796832245 462450281 298328759 801366416 739597366 51019508 775452658 355063916 591679694 479415269 765620662 502021513 99560305 116474084 967374630 569427692 347416992 516697681 499519880 327810328 687114882 417119724 317850423 990119033 775888117 46365581 770710830 274129422 994428377 158549078 689124922 712471617 346972193 555978245 838155796 707719475 582868934 346564194 787627392 127166327 221054071 652846901 927235758 438367007 682143333 971757511 280600983 301824042 542523904 71104473 181785424 450487929 172845069 338484178 815210041 213928860 665630942 770152115 790999564 53279007 435537430 316835788 99329183 758335603 541288870 472774166 841156914 806305055 715735412 863925670 536750825 691094676 595374461 608759484 139715698 970331424 499981877 508645821 632991251 832689089 397482319 929732918 747577075 37513035 493944811 418481693 508947269 789033272 578158568 375228277 118413457 270560493 117541209 180170573 366584023 178117967 201318336 94735236 386954751 305712103 629788446 909299185 850830267 475010509 739800514 291699989 120247446 624434208 571219890 735037017 193297983 587457636 834102885 452696875 130603707 141045195 929851608 32311484 311027726 252973364 351390412 939820451 670933200 239883371 9510538 617290212 891170376 132504898 774647327 761515441 234843039 883924384 59601094 538363032 256975521 572035418 975562989 766771892 17440266 681591390 433016578 24996847 306660797 479861551 137564224 719655113 900738500 74630780 796200823 238773701 721827752 760423245 570405058 428222898 581145703 477921338 192397496 114129223 104047045 960883080 821177705 585193703 299394352 328486681 865962774 314462938 591994442 728449502 793982341 792393490 145846206 
max=5048 972526886 782533147 760779467 461391957 438705987 829004511 506269804 937388073 544968753 662589324 300810690 108813782 471012597 516530294 216613935 869166573 413854953 423547823 722367054 644159956 177122164 121558555 597810016 489804139 95147514 915243411 679397156 976374412 855879733 761273828 687952789 486382322 446347789 959576194 926547344 693957877 454984109 364391044 390538130 669107240 840171620 517744958 803284566 299889395 317759832 555185665 31386739 169826789 900419575 874045247 224282894 487039750 928314585 876400108 769073739 357680136 838547005 671109817 33690443 234891607 835104573 122637873 866410421 729584969 947727940 127658978 287141040 185199458 806661920 156508771 678555088 395343947 316399483 190092635 525402107 361946543 891919548 425377422 802139173 202011604 636151286 986231118 752513592 957858691 758413351 530809263 155421496 476709404 346998282 641299934 410900942 800182949 937320954 402085815 945104973 884263510 491397816 882325200 991083977 974039543 626151182 287974348 356070278 789738240 919529709 346500892 908802701 51019312 1201538 809673273 629937593 385982932 923717559 564367415 100944789 857370099 283315226 786181778 787873733 747607322 884216981 442516773 344580020 685067551 782647541 811044339 25188755 411995824 617230058 588120115 961709025 652897499 230266522 254121701 503900329 141564587 441432351 237694581 425489360 988314805 691944256 880522228 158101419 765284797 572674832 991573316 29740047 592189998 560914100 535457752 322842735 695093150 82693971 307788085 828774301 798653499 633088513 308279092 122218403 366029756 344028390 567848238 819166029 997487111 166587414 767675124 972569784 932695035 55034680 41829060 370159900 141489024 675451891 652432074 845909771 725530082 553821607 891970761 693417675 966852547 209505093 368426224 722438320 415226623 137016726 319169170 209008325 67450611 609689366 385923096 497766521 281120786 864532576 341532301 759365258 511146877 546549040 660882119 946755325 926990760 507671861 534778116 537485517 466392769 953833480 980772343 71363330 766367563 472383363 245532225 791878050 916728551 993995565 577040360 543147313 896686771 600430837 191412874 807731683 672940971 156719208 935156212 857133647 278413096 447075852 637295412 163321451 73283600 125678694 762383350 547616741 280909951 226844211 977794960 995667865 306869950 804615792 851874792 634829052 835935759 971378450 880038901 705633907 876551110 897157182 808570947 887268771 837235724 579973896 605721720 860162414 261613215 951446693 835374141 717370084 705102844 445294766 47668268 952423192 953065613 830383775 699893825 868971268 921059509 245901246 144932657 957550144 719756239 738782498 900430203 106257771 939538705 935126459 572735119 840430818 129450693 608626507 81683732 521426322 804124060 767815175 468407532 220062238 377250734 836321419 214617113 614389014 954884059 56583469 112188052 309296853 745075031 25178601 993537110 77755286 284117091 103406764 216038112 743693003 155432769 122526537 423999497 953419022 470682221 945438343 595658339 20773622 733951521 900722570 66026871 118988202 353766861 195333486 910956935 665157829 530493231 870246686 4760525 817519776 194335480 725324793 353896506 440819356 936286313 690754923 865273768 891478250 700149411 372558519 393827329 547844702 918471846 509858784 752855002 322323737 827084488 332577330 595225511 635462626 38646696 998291026 224921469 951543481 797800442 655617471 543901795 577926078 31882555 346050385 784601961 210842955 398212802 860925309 297925825 320120854 689772754 105067910 447857763 561981172 981793945 172279493 114701963 575070311 571002511 621436705 817635857 724789989 895892716 64078255 380279179 323407443 385813314 392871313 53572006 375901241 716167317 630969847 305552917 92735625 597061551 824212376 914437250 727643577 296265337 306728206 152267254 28114636 502234669 392111410 912701909 333712043 774437032 57418288 480173381 122324494 185046442 604745900 738438901 371323177 315537461 718353891 60371349 163177891 92132072 803781241 114069341 170261930 238636453 970688453 414404688 901695022 698760297 579121283 549248067 64161160 576261914 273166862 116685232 415271549 90398323 409251786 524260987 690532798 373208113 998341197 512758334 432001297 269765383 345746025 188234086 826088985 7560419 669608308 828332075 65406708 259567920 859836411 12993037 771404964 715916620 193037352 621229915 281110469 459094278 639456795 267302320 289690251 809747357 880093281 358811600 301981676 449745192 49912279 435574229 142015167 934360337 639707241 320307408 221492990 507440422 854403251 667117707 449620516 455019037 881932659 688036684 610898653 200731418 256736348 280435519 219472669 944449313 781322035 415136401 981935442 79366705 800867853 864133346 208044547 721865448 428397794 873274510 128410881 828795335 29575102 65022577 221456631 314760958 213936101 218150798 517705297 165152001 318150196 671275471 317047675 368422040 476376076 167193655 263210778 437093629 
max=5086 76659803 880414032 256426258 314005029 956718777 414359888 269294294 931089283 466146108 742057854 14198371 781224752 85820530 643422122 798510937 182344071 927111650 828007408 26189427 40302423 807745343 885295074 287333226 677131095 323325711 57655518 707719061 161426986 470633801 199297344 963182023 261144820 884296829 469530910 29588839 788819753 743762733 321766587 757244278 690743334 687488568 810661651 447240997 646563167 908390738 12526245 161759242 741491924 19661482 928033763 455511052 623910349 503218419 388804382 442921388 116635147 621942753 770568747 413489270 90711217 832377625 736899717 736903808 37905440 563944046 653331143 791691398 67303825 703141791 265004425 424348218 581289256 143349280 654277852 124710112 213524936 507490309 157676401 761042755 1842879 862736663 549451370 834554952 696632514 594736141 442987670 635141182 334480212 999491715 371180560 380565436 488001159 434283632 537806818 836988108 866344116 924323572 555164295 605232481 505192010 621368856 213190273 517608901 145526384 358917305 495413497 721325903 303863766 818848549 391872246 610282148 698233595 153489052 360936674 521154726 156540369 155350237 194132912 442375363 876617341 141483310 542490343 281621586 605773816 254917549 990952941 689063014 893604485 767098866 138084836 780640592 639116960 650401780 537935496 307079129 628162242 869194315 514467523 684729988 736765663 760382995 487978901 606210552 330728231 523935535 554988255 578093060 145819258 427406920 209638049 680680852 968109693 362033366 726585733 43367044 129424140 813963287 25679622 716814144 373306824 105082865 903627622 212582305 334844770 915197189 183309269 732456623 324842520 826300054 645823516 245635837 522006087 971418119 333511196 522400446 555179447 692298777 182365151 884871776 818994632 12730868 860261727 657569812 615775737 839208902 540772187 792552433 107670149 483347964 230314192 661207480 968007228 620364271 222143793 106953554 988889499 746667996 603111274 528642892 456813474 73320435 329455963 120773677 806456070 881004190 416835267 982709729 509909587 633410103 573771036 399056399 387986921 550647031 649463471 580427515 576771874 86082661 223678640 384958862 194552611 916232721 861373439 769743289 97485899 725052356 663422045 323188038 428181347 7080061 486040446 4946178 240522703 632912536 547512328 819776992 270144427 183275514 675663081 350721543 671531359 633834678 928808529 527985607 460557250 392647330 68525278 653364889 926019299 363510706 210234763 872011398 973609187 702172622 627916949 532234434 18901108 466162521 670008813 841173208 821445929 551666048 470560613 311767343 27912570 415704440 381242305 194435460 93060865 6366296 612403407 961117693 215256555 201524331 918089390 524232405 814218833 318748621 997882503 644270519 53684321 452180393 31786338 20493209 631782621 694348035 608526654 893273979 434979078 499348540 927957229 298981677 415751435 16401465 515013001 288707108 909644688 266067976 143233350 393884423 384651563 906214289 421964709 834964127 609020515 96717457 524793056 486351703 604310309 19980027 620135791 26510727 389520457 47987380 246424626 923628457 397648462 217053674 559153693 165412451 144750981 543133389 158028099 9070410 357759858 94572441 689926522 669733442 624019758 9436575 258011972 34914578 740687888 221730927 829058813 778548543 187600049 114375672 406741135 2673591 353767711 56991442 667105448 358877019 62131718 572711842 260468057 520676353 310921514 860624692 137757417 374148679 278633026 106835103 621367903 402872092 45256813 365508507 545382466 45197418 733292240 176024916 110112071 995660828 96705341 415417696 78510113 601537999 18870314 667185462 138780131 707696930 596883093 735537040 180805237 296579786 88978592 555510524 24207296 828293989 941454375 20330551 417884505 997447748 146506798 953106778 413699967 924190656 46024642 324180028 3167635 884359314 935366101 983762503 951032204 745184191 249613528 578890532 545003147 774085450 168224517 155047002 60824364 779582085 945808638 612266373 508395825 697768314 373198664 788428369 468689818 310561794 18453327 644450569 994742511 232770592 684021307 72543406 419240743 142778992 521061003 744439299 862021793 471618909 631878427 300486861 601336774 825686969 33436405 222099745 604816566 717233745 415388584 487120976 444629623 109491258 452542836 579485054 802950106 188988142 542095657 178283850 181423355 490004114 5746257 361620631 623737486 43130604 368547107 311125554 82985617 493166788 143718249 651101650 994384589 346971939 392011250 289723215 42499202 830730473 143646920 196210166 511124392 115846514 123922579 244804994 336116620 57779967 911143720 210772716 501547769 557184003 59466518 187043554 576204676 957707912 967748169 475635155 70002977 841350500 962098346 646151936 259146609 651215646 649275367 761116595 103896685 220557837 886847137 679748918 966746896 903442160 251978735 417677944 557214477 903004075 239547294 634221771 159616079 941252232 525592669 
max=5101 284190777 739250917 910595602 858707141 336425180 492507249 103994017 766752238 193115714 963191026 847155776 97110842 921370043 955072017 82504449 294484804 862288303 27348201 634583917 491931599 196886545 858699947 428814187 55706656 85599899 378844428 696705933 918709432 341651055 196193702 310502193 498536507 346177593 472901456 229103365 733453869 900689658 569900148 554164497 446124456 830015701 130764044 913863010 142748764 412200921 80275108 12411878 443046714 504852565 185918347 286053079 357405370 724772321 167374715 565139150 356191333 138719944 326623105 459445028 613602713 318877454 846112462 714310296 956841994 816827810 494335374 977534033 767462427 900483102 787374672 357245264 521549694 337202173 289428598 921127977 904883447 153948097 115721832 33128548 804433613 631990118 159934659 676143126 611962234 681835813 904868855 97624027 714891503 118630925 713771233 462702885 852293893 700137422 436728277 397790560 302406869 769522236 19281148 930828789 59390796 572890372 653720717 579717670 257118858 969761818 720506872 417155178 358548791 79287992 554555666 48053020 509791523 234716490 853431634 207678926 695844201 660490645 262600315 898094835 298123024 982551546 239684595 885611371 47296509 429645401 735351904 786378960 960360631 189609727 954707567 359723192 846644912 816866771 892509485 176323849 733908592 12394771 321318656 204085727 342004933 395660653 315077865 308508773 346495429 41622851 453934446 852200403 211836020 596182448 860727519 961680073 116618790 158481805 604336324 490774741 567300842 702641363 187598741 740763128 146989013 260635490 661814006 185670977 615882729 417754163 5664078 614957956 646157335 427731164 919447233 625030836 664330350 638097347 170135089 811615086 317063218 154916549 475746797 24106987 620924242 143028416 459760931 329866210 128279517 797055480 3595250 732707202 410362711 14123139 111731733 698331308 455513856 165005710 967104811 789808758 340870867 561863226 662838958 93955753 763310071 502061942 847580086 548338481 548104099 635006176 390636131 631966813 546650737 592934564 606718713 274765520 750924652 725293036 42863838 486661964 564409798 799186852 906278124 368304467 662698281 946710119 479102800 947649865 641308641 770579174 784717597 924647479 395509596 85171590 906285431 598894702 949243823 973036795 506558460 874137823 3073919 794274327 991695817 173401487 418312904 247145274 838470445 863354018 422834826 579823218 452274670 255729695 339861193 359824343 451811494 809200312 344839634 692929294 568084940 858284452 330098437 134406952 290064278 71811928 692030994 258517091 354675731 904194229 953279721 689829251 249017175 632591233 904622441 203086090 770118280 560573440 273883308 932974436 350218338 520405311 61703060 189249146 628710808 997619965 242331852 972517721 503408054 361932270 136986144 607499030 406200129 671200869 174814434 975894566 738411277 11595277 572064624 406624334 162717227 782142237 509071502 640691213 226796457 522739174 599588502 387382755 559683456 381884526 656494272 246878389 745979876 277774358 579166913 271789821 243017614 99801975 709455265 578623907 785183592 27324307 758077208 787043903 501779518 138757289 968495084 468235206 937380462 480614169 486407446 698471554 717080774 421033431 820334970 57219291 83545886 733743352 127678537 564325982 890933939 341662311 619328562 290026506 89367310 828781877 407995870 168022025 920386547 84095218 579698725 333382748 909422723 231823644 911099690 777334067 461421647 887659886 511228655 792533462 8623105 620804524 581686328 796707740 281969999 372513250 38744654 499421859 983720378 225079234 928132626 532337863 82960634 938400327 136392926 552198799 354234552 70121692 11777117 483258683 711825254 573317460 916420322 610791929 555798832 657062786 992413107 348730968 760460122 933890630 219275072 870121349 446363362 718278291 471573239 890296651 166979288 219467852 165073802 543185830 816866679 393839548 500040988 266907262 627904944 819878586 673278827 245030186 694413337 97302324 320397989 906703014 286845770 879640772 323151492 411972381 583572325 885601316 522820442 695622469 957816408 833874735 723480589 263191851 615904684 888033651 645652152 615436905 1263765 149307464 629794277 651630825 615132191 186453799 306194927 238140701 588872219 409021478 489213041 493913117 481595559 909829044 485078822 383524310 239641393 784008114 117314092 937668100 594333280 897448820 365120074 664235117 93143328 823713860 432712608 325901859 182267965 364045829 205861805 100697827 578615022 586674385 954465904 624786147 555457305 438494802 52986263 439763611 789949843 814000449 813000000 149513043 456840564 83851131 294872416 20065505 219950256 869663779 632960663 701594504 846101480 496054959 741118480 179259281 80664043 897576691 381358189 103460356 292071262 770538723 893789501 811222774 556743588 228489190 396615967 711905716 520510004 899318471 728825103 187102073 880866751 44041477 630034461 105464308 524123220 777760988 663835438 
max=5107 568410833 235784505 542930607 808693556 536125550 557937692 549580700 239723529 144924206 806477476 109412572 456170572 817670923 522026696 996170053 920025625 757591902 518580268 66324194 832976648 309261270 651026336 443285061 211284040 442162549 887490444 821711793 361892361 462691758 789591585 18019783 297808891 178904562 540696413 598973142 351846597 860367127 343490408 188491748 375888778 734016351 526218734 762999267 242459833 46575469 562767245 872527695 549974914 940090945 319037507 565837631 845645918 618784318 239738059 569157132 312280484 869224370 743653589 323325949 463370656 800738521 137028970 134244072 440857717 367484146 317993936 610685280 76716882 578594347 155068190 898078356 767421405 386700378 237295037 717341522 170498734 658779434 155484733 877079551 999582018 816869649 344703089 277728120 376821751 808000644 977433446 979462908 984012471 418628414 952283676 888144619 840687466 727727286 674013017 358322844 935138398 487719601 915536565 378599921 921644034 959618062 17293281 522009736 921041839 781687825 365002469 420866822 431716260 662913836 827851942 254496135 159869451 801066905 735720863 283425461 408198881 883108060 233081243 420366369 974857056 605364326 2714239 97907489 858829322 337877008 796333012 646619527 760323733 320055400 733695569 790200464 225393701 353823741 415810745 451016234 86089677 112248899 451103248 821956174 418009857 994518984 557419031 237698328 921794650 662219767 736607940 622585998 844100328 684825179 236712145 406838052 656536017 754899027 991364593 966826106 392562455 872810380 952112286 777024593 173954844 773362036 712021071 853073100 102803306 708785389 401848512 925851132 806959110 149540005 490877476 930384012 313256031 516999760 355247521 802826145 880326785 133729101 323956270 469223019 86031247 286197075 306343739 683702164 655529829 541966524 506256012 166827790 446140527 513910989 133872067 94187362 477413956 9335124 154497578 784388366 101449475 47725611 564512218 976925515 537909284 108486383 461160219 20705490 483240416 360712809 41951662 808228672 445974316 655021972 368862615 534021504 161530737 664314653 343523679 975243354 611516099 459438044 733378547 776667473 359070683 399920987 506946573 614773629 646892259 299478306 253366715 941270997 850990719 678260327 783136735 116212202 14002119 52510356 866712148 837495555 650724228 309035845 808061602 859710092 318325014 866483181 784473030 243520587 802643759 256327778 453086131 130867043 850747851 158915692 127409211 488278259 760728769 238034042 809536881 963263676 716108207 678552897 329715923 829942618 9020225 163541624 202559881 484649024 920664516 510683688 121528152 910214370 25570369 172014117 748175654 360954909 53082073 147700810 976703226 955081789 525802672 968038837 694100447 311210618 627049548 60738403 664190405 915717333 148541542 696773910 671818519 347009282 950641655 504203608 201365579 143551896 631424757 347048199 357437654 477871187 727500469 54423338 779318739 298890009 300955914 39110037 433890588 885045707 897882412 15389066 661997470 816366355 752792428 898677534 144547492 554535832 638917948 131487893 447693485 585699662 939810394 163865532 946077663 600790912 343388179 164411406 541381295 682848426 221202866 905770143 144645348 515167922 805672805 107821842 331868062 408251177 643742692 658259940 647272165 585234518 627156030 788158723 231892211 984403113 100705215 156843241 447015784 586833127 678878802 587878059 973468148 333898007 893405319 836689588 296438871 814791183 151126857 625823405 123213673 766688769 559195234 469625464 105194541 354209791 757290582 919415323 926708422 618133369 984274655 727456876 978284893 684625445 880687452 737617719 118196508 25613878 532971301 912435831 274704263 153253611 338231812 883501089 609980832 540394554 914285931 806173969 967015603 695044420 417091730 624987312 135502702 588758167 465621968 421356815 513410129 483171156 736849104 834834670 612084468 381513975 132471441 925344564 198042971 732672777 530465000 482802434 192785123 640163599 421446486 460323264 415065562 964363258 388556288 851366648 871700828 185240171 802169043 45524934 142203502 980957115 232440430 413109508 558642338 323844883 663340185 803204723 962758456 117359805 460702220 115546168 640980956 359769325 637984798 465384839 592694399 772703675 214526786 751466115 108116581 888506792 989749196 319090152 927830274 311308554 771552746 739159735 781565248 411370992 932476600 559910490 33949713 778118351 407420856 450986372 246312656 571032645 294101252 496784502 993867391 762091968 725630271 312872953 269943646 4646696 337035445 28686682 353310398 565007051 715144422 239349399 799825122 692652053 240872270 466471070 9672022 445222361 833030598 239582613 204295626 714540291 29075808 273932223 808355760 192054039 350300502 162811476 129411245 492120634 469677403 338100454 841535846 578794567 314415144 345479011 975477071 802599210 436434667 105524739 302411205 39589397 326527974 861637693 646258137 607686820 175307145 
max=5140 564757838 580806466 978517633 675970392 240062689 892572953 675375365 955461374 298674501 365019854 228598106 269042087 451647353 76253704 269019523 787092572 859230127 775619616 945081988 914687613 793184741 693008043 651126422 961408270 567203413 637943943 232206731 930509774 646316062 783337075 138509516 205225820 368577198 79348604 665155625 980145059 1664020 106986944 154046667 695174485 677048252 882826835 85034036 387653802 855170611 701935659 200161079 477392247 814289376 776305555 778842801 619023627 647148654 158884672 374016753 71898960 629811766 579452538 623905565 4309453 802871319 844872859 148336696 534849111 325865705 338990935 939996380 913228354 11372702 867202138 266880571 305747793 309508627 991036597 790578323 611101423 710066486 912591923 190220407 639932555 819661088 930752582 932495845 910970484 192326819 231466859 191215103 405357804 489151603 44198599 443990868 541643528 164474386 14564161 141520452 832071453 806768708 372250530 238262809 618814623 186431032 290468975 687754328 654405639 337319364 50559070 703862778 893030193 554515870 275068731 212957848 780680070 318243475 205782410 958156060 543522733 745152823 557835273 779651970 172472470 578891985 351406864 892007830 850150811 93978092 829832843 932509801 434947982 134467572 575032165 402882503 733862497 199530888 66780110 640931223 317079892 210848482 892284025 501609559 871844397 939988376 923044726 516545846 717288371 100987203 627041596 981841553 251051020 280944662 674367430 338025885 566561441 88225656 544881597 546116820 656843001 44212542 35742858 510389759 112219573 902929585 867224637 264044719 404875811 313014274 816391910 909890940 31280719 373592553 910975814 613387515 851051687 863314757 793039451 167896778 858791191 356887189 750667580 959636785 845453665 571512037 800624357 718942070 533033516 196158423 477619928 222818451 450725170 133987083 533260589 493128764 977566404 598394142 649775616 454880349 53771577 193747740 417004245 80274831 727891359 818293812 89606625 351112251 841059464 333180177 285937654 927991754 106553650 42114560 399887819 111053757 205118485 12337027 190798214 64191225 183166035 142630967 300496500 990766852 211236290 361627693 804750491 449823641 445039561 675538547 836290364 156195285 899386911 271070316 902991479 542335111 634983023 341644784 247357741 100811606 40462487 999368013 957292962 61691792 950365396 462760044 573428917 154034750 365414212 273426985 804068767 201530517 946255697 385537026 664261051 597193541 909440980 300541683 65565993 941532049 550307292 268762857 434351428 337914515 428538462 500104321 193888666 249927479 378711903 145845148 560734721 242662760 596621711 282986455 2691413 427390442 948397107 551277058 773508789 494464447 368183213 637845959 943063449 314931569 85566242 400784707 563509865 423223690 975576638 471182154 541933280 326075254 746117435 691944756 730911427 62034757 302900200 333351599 917375875 329949460 477922149 790474122 277698694 621011173 433627114 88715387 610844028 729567602 491343127 262916968 497749058 460129899 677943748 484309421 139065070 118456861 255756676 975979490 166143215 21995451 446182361 647351849 151062079 567760791 530106104 386776941 541817573 264258502 510932267 466976816 985959370 546712266 859929202 970719286 1714217 2486771 660384364 751963373 281941105 997307649 52378782 742058006 989907507 701922462 124730688 350622860 741190426 258300688 262703207 62414318 660555531 507305924 142162836 246951430 424938588 604371533 792185488 372442915 25809487 643456095 433261726 681368679 554526078 742607267 439864189 804906632 508928135 868387409 116822366 324335583 852429678 7839637 426636442 85269404 220927920 516349073 460591073 638357304 237882079 198088741 174202682 989689098 373017447 765168761 345157652 246534850 93118572 716414890 759120689 858237190 457723977 896336191 310717804 624299460 728478132 768238310 224491965 844776895 672655909 295450010 379562516 554672792 300944835 110834714 293390858 247736565 700085647 849565510 992264221 649404350 596473978 929173269 352154901 926954068 162073878 354198885 457134458 634901441 407867915 721816442 834909038 296352334 320654661 391877714 983150421 804903094 555837018 519157550 936514963 386093999 140133180 128543407 830725954 3032755 256082090 160370865 898787625 294733936 337048372 193166782 239168474 907358886 22566548 280082508 819728549 161358331 385876734 371947276 237354288 821846163 345686167 496350060 703209826 189077512 997442258 901588368 792501120 793578098 531626104 594100880 787077542 320110555 414428173 612362110 972692642 507706743 783172871 483634858 375333142 269491616 308258660 380885673 391068680 826820729 496054863 966475740 231052053 157803121 119901156 218805375 382473280 107582307 431868426 493229724 268431615 421227717 978676032 623704706 989539 644253439 971203961 946417289 890118709 195280408 428907360 161781115 459349294 453402995 660112560 93854098 223844065 670601897 670064048 533295348 837668344 
max=5142 811268937 431734297 408247000 750091210 699843953 817025700 600864131 713435511 99653818 841054271 476800924 719591563 311938219 813275150 483464951 201299316 224189631 696746475 3565993 144632830 845335303 211665593 748995754 254913315 201759607 899190938 808097957 883468559 266773211 388246939 130951845 107887447 450107921 64677711 205520951 301794764 901141952 751932724 67619275 471789522 238955372 670338665 253029083 821539034 604375272 2208546 169849669 27891364 949413927 872703096 932580348 578960375 271901720 784361866 13826287 465360441 904909617 521176018 651242818 212666196 993379106 722077456 464128864 80093737 846155388 188143183 130634529 611734079 784690584 257863514 92388650 385815138 410913797 815564569 150793068 531191979 12015494 230087555 673969631 900134033 578906482 256420248 230652299 488178431 124057280 641402639 806423744 532128566 591787912 330101155 183256258 158475416 683182255 229042884 59549979 853621292 368213029 631430202 306292039 587451392 278099510 942276609 605248075 556307835 689803785 97961468 670918378 251498492 593336570 904450512 464440615 801923186 246530021 312402450 726312844 147428740 607747041 329740926 220013304 364501458 565951034 793129852 969921382 264838082 593498779 625263825 729457579 94515672 366203387 730237596 778444207 814487893 981353937 286830086 799645404 218620432 360159587 332605278 655454075 676030003 153265601 631838607 225434824 928302082 57408312 168866597 429751573 609332615 747270509 754677176 165139643 858577975 68502999 482370725 592107721 252535545 323740051 990420524 820662450 901082908 797475164 599913111 995963535 7098534 147761868 648390202 13303175 651883274 490137968 333907934 494955185 133304849 610189982 712453755 9222482 304848052 852273750 958870621 226104545 623571818 813275102 637448630 948834400 173359869 943291258 528860599 92322607 959601559 619960244 174374174 354347205 997598845 737705491 139742397 956579309 589921222 641317496 552240241 860981454 675029023 256573515 651108059 342493622 149230753 150153017 826312849 294707909 269149141 955645521 791421150 56625620 744047770 176187960 545242270 304903129 600923864 177902637 829735663 608484366 231659287 590664157 568985736 381224092 712274583 305483551 999917857 332473296 952650011 877471415 252317536 545919854 956820728 673910550 514033363 239852593 349396687 815167250 205271463 776556471 324142901 855086276 341009406 425664075 514732985 994787016 715147721 483177587 482547157 323096998 666859614 871175339 779587633 396080870 815550109 820245580 50653210 748954129 710977514 261692328 884276319 661457883 125083853 456934595 277020401 20519513 180760906 180675137 62626120 90204550 794382285 501582936 392545190 607819146 331810747 542325984 33387852 560582249 415235262 448506093 995543228 955612036 104871840 109726546 186287673 977550764 231974164 953696418 407988627 390204427 625986328 535952403 676597808 470912526 503623124 635944261 831599258 223484860 306579572 680371989 151394410 180070056 534370699 561429128 655064864 300676302 919987452 639163184 515229694 497740945 193881946 487994046 54633647 12505292 603121174 271491581 875307137 508448565 696429123 329081321 598652883 892841215 296682062 167720980 548003987 599906219 492938705 561734722 677199459 161208967 650810598 794907420 522429273 956676964 520231134 347386994 339688596 788899765 568015912 2798426 471506523 757841142 383519416 604955442 190675632 41149647 700474771 871940867 419888327 227685694 934564058 790582308 482572122 933279545 981010790 478687454 595837518 626695774 236372848 662285718 380130652 251969064 64640484 808618155 678512724 351422397 606390390 694921653 422337769 821927534 478871110 48196305 97524956 21543423 153504514 732333748 202728237 805096081 186862893 155702039 34964877 11210054 652136813 838768950 336162214 786557541 451179777 313690341 730245069 115922025 988217405 277880868 108028978 473905265 260698485 815097502 321039164 287760952 66264066 419222701 178145640 499998505 850454085 888044513 901216249 859788922 982132463 995543950 196764086 247165232 943782713 268149190 347521846 388798057 150841423 411872506 362641202 203304193 621468930 735910787 371618637 593166199 24277969 743504447 358852776 508633225 899956634 460963629 722658647 861118567 866672579 506121433 757932865 905734165 62360895 575477968 247243129 147460219 709977101 108995241 738905292 130793085 857908604 818698907 978110759 421041262 715986331 419580731 258594920 281914860 807968266 974838103 201716767 901257823 599552343 209473239 589347055 682557628 371523383 943496677 114279568 287134420 263139790 76188382 381950888 467651046 698661806 796130284 128049401 240803708 910481429 154572969 924525657 698923086 781558264 108883842 67747422 837355505 656612715 659133905 228543172 360440697 490594093 124170821 716657915 982446208 339162010 220050072 858895581 778330869 661835676 902600497 315133307 485045434 133764699 3850203 409098058 815805240 721250352 153110100 372561623 
max=5158 912744750 492313067 519468799 139201732 761477423 659303281 107651791 285165024 167287274 901690373 201930264 468811671 462594354 483358833 91801764 791182517 680536926 362565053 473875818 538442681 225834362 935979304 749076019 920733070 232800069 163141430 843512217 737028804 597773716 709851719 647341878 868731153 930973810 470238743 460286371 560800432 44219530 325461729 845699025 870226593 485717110 220958887 729797694 723499494 628287449 465125390 604225885 520136683 506407531 747877580 130613296 221684991 534887078 155509074 452620176 797543374 628937844 574724249 455842986 366819976 327089103 878990503 299720750 536430135 942071529 13607416 847665602 878258559 994173643 518763503 722423554 72978718 392728671 446702358 428325411 465960155 511311690 974434855 693062754 930085762 562798225 379972280 236681309 473209294 304873846 768876084 104941707 876762884 361737333 593077432 804762546 705813710 948682702 482421894 905284961 893186304 584537512 397319235 850885308 269383136 614245634 794367 641083641 106350440 645759507 431011014 158598980 919216628 476838955 256402702 72708537 54979701 784938036 600312525 459615072 500121730 456176287 609042041 978256452 854850274 534529258 719686369 259027389 899768096 51643192 454628091 314125512 729622426 717647591 915411269 236981551 304464396 497838213 995425874 550137838 490547376 173812566 294102706 230938151 841821106 486004255 777344949 48859907 510960624 546426094 330874704 225701886 338445820 478838635 440264022 279187329 245128159 249721863 318380710 775243705 627896248 503533939 953116304 456195137 608127174 228579228 786713829 96277803 521320376 178264646 776313753 387832739 232543115 247181793 598425264 363228539 459493425 241794978 438701832 899768599 922867736 253548233 989181425 535321816 323498594 832467390 423270981 819216057 96377996 385801089 625033058 575625937 304844158 994037539 883367503 875415590 60544548 400596767 198193002 539567620 788393372 162317742 258733045 500868244 724611058 75284587 935944842 642322113 937951390 490135391 56789308 692755005 160569154 343697927 605360525 759435004 623165589 733736460 670474566 432269547 9217972 613510889 943346290 791421603 130950099 101277460 364385191 448430992 167098253 470147902 890774571 264553965 230506154 828879469 337053 635522007 767094465 314140945 142852731 945311341 857735504 602838066 79789021 718738266 820781861 836947771 613010911 561319305 791062710 757098797 975710665 88093853 516676148 636008112 989434322 707491209 70991285 680985897 561466193 198720841 480393550 483845655 117929173 208488386 373246988 798400041 99711025 606030840 523630151 234419014 446874801 850079746 105010385 755798808 812344775 262836969 165841545 256271877 962941292 890357243 176366671 231622142 453910886 561249774 689446400 242684953 662005748 771761657 330729450 937921940 634709010 944496169 811243738 97263869 470947531 308114102 638548270 478842279 486190558 983535629 412100367 249316432 492420530 324952638 481188087 794357039 354543842 473697929 273364246 488156314 49497387 65531662 497097605 143312142 765034706 871546246 630404521 143561831 898261173 175355154 126814830 208975123 91895837 267764176 417032260 245677889 246975986 7542270 844406407 348212831 180063654 561276360 861016889 819153929 155823711 334725387 156506787 732360716 203713458 764619885 37753041 410728261 521044072 371119529 974487048 840433644 969748091 159764761 40404626 620781065 257083002 116412795 114178641 409728919 323198001 765692949 841676485 427407690 339748183 153575361 314505930 736962999 153157179 551694577 55030415 481254411 137305737 943015621 173630075 400410241 642781642 478368364 637123215 916903567 906090322 350638124 712572410 90962811 366039902 942400721 952044780 4871857 732913051 2560330 72742483 892434839 41684628 685698905 49963276 991317248 853366653 372169239 244533213 445652601 83697152 741497649 20820820 863337577 37604237 729604234 734509274 456360442 611416233 512553247 393151342 549472214 836743979 782881007 309277968 857662863 327874536 784583834 293996129 58750355 644630991 91327563 990822362 643532083 389374690 848588912 57253977 709330786 420334119 56752149 664939539 305761220 553235566 812117827 983813369 548527269 441807286 190989896 835387908 809634954 9586431 293160181 300791091 352531633 446636294 10892552 944241780 898134350 594954138 701361172 638287682 660483193 945660121 117434709 306716736 234289610 372059707 316548057 330023160 710740942 959208843 797208985 415417581 377562801 729535992 950877033 32240502 815028166 87748466 655263908 104697223 415783824 905424345 87339711 384044155 100931886 145677586 984970520 93749904 547686417 118453969 518778744 269871938 365621979 49494889 956870873 180826551 499614672 799565757 803472261 399213398 834437658 734289353 989952776 369193333 379934664 574174673 286464296 342756885 973072534 847763365 509988067 231651049 129287613 263240121 636929020 670633643 323617581 808476257 242058568 302692768 
max=5199 866779354 744192396 197751836 9994151 640409634 156211407 523611414 436965985 556591026 957727513 15556402 880175401 186791538 976883359 953546201 185140968 495465594 172279344 642124701 735711254 367252892 168814138 211089665 80327443 395496485 256523581 415048716 897690120 340180106 753558844 329013581 31033953 998995233 589839444 151716790 258786812 239885503 393958282 318053958 43632189 134746713 936247975 357093550 484769407 379060789 516382069 423786240 281370992 566206503 736039654 733413158 157317976 926557348 705974949 527398844 543088889 698365156 856690355 264698735 762294722 536897161 978652942 335580410 627562539 123448863 195022889 834868473 938063775 273356429 195053617 388964588 768788054 504129069 179666604 641667949 518169558 638859627 930834140 466743870 148400125 645083327 568778315 872051488 890202273 116074832 888548938 495629273 813680981 223847313 50177350 508931787 352019663 164631616 122249233 138809427 724889616 954499951 551162330 490880628 736520862 602085100 140607652 53267359 338976937 21247933 528705449 936634878 317868770 321250269 452812638 155769464 720223099 848167068 599225976 686283777 687702779 237235045 950384181 732719476 132822300 884144382 607317491 65755930 76267972 862046849 6821615 68298218 21285651 150139690 60604006 697489148 640755720 213964733 201353264 148216752 563915642 409160556 3797246 479903937 669894167 497808737 264315280 810499906 71044308 741333083 112890199 649372549 771465135 904970094 829905325 923108496 438947138 551264226 605254708 583268570 160892921 820939741 617697658 818643848 257288356 292518514 809007984 771542151 341961159 582733674 607074046 508488690 265550329 265021317 297122876 35045953 915171147 893994611 769402873 871896681 455587314 609791190 247449317 529697522 642281751 96058191 882419482 594752316 677601635 338740278 47371116 422076310 914398812 873047414 38926524 32833245 656564497 700544115 132119369 69211455 334027847 716201818 622146582 428754778 468330333 633586174 353981344 548569409 851398294 399502326 877522583 21893913 683373933 194264726 73208693 952702251 605897476 832395682 890115681 45123027 722867566 461055999 867406657 837260029 419461090 815646980 209955508 202791292 116051731 860038841 10262951 142926648 740287137 405039157 741895089 625583482 462905103 543241370 676936411 757782948 462595445 744613086 964686642 651294547 474201767 182823532 826203823 643411668 353444199 111601782 624635251 848130735 278418975 190904929 816426420 296008803 495803743 453678670 581943929 25539780 237709523 307994650 628339758 11364511 705877055 146082262 900052438 28679842 821858590 183449310 911258708 483400156 925831967 305470261 349839854 469505778 174434631 870520957 770127850 31058042 538286530 182479701 367271523 193581369 993588937 829120966 760452613 45917377 754065865 668914070 710899500 726743845 898108272 396649832 726289869 532901862 39579602 124053353 241067230 302562751 493270990 829187386 158742762 149817436 874096773 534752714 544761662 872310568 313174248 163479668 691627629 126294717 84443750 982630662 138499323 325231442 513662675 262064006 283683631 829936211 860100499 121023403 668820458 431590766 936272073 958877737 577039963 108469925 289554657 246350467 375270135 529774140 32393516 565183822 300782347 514503529 332110047 483037129 346392856 287114779 117235744 871208648 842941776 835431924 706630743 80094728 668860840 741412293 538847139 725719922 546784663 125370604 116590087 653974151 2890920 467908576 680629539 871059827 550265068 354375143 741256455 801949421 102804390 745462479 390613027 497630172 694013085 650070191 738813944 179407094 974617277 183551578 276311035 384417212 463305444 186348039 847983035 659840255 931921147 494970557 223339855 264015047 153428625 649415424 743024028 530662743 238583844 30440764 787706352 673441769 587649305 162618154 340784139 419477177 105260487 784895212 427404128 149793634 646336787 516190532 107155711 632965657 338739930 135170531 30595348 707926703 929978262 394096587 491029412 969077230 757045555 836168284 209640390 781434104 60016744 326637933 625594411 841647458 299754115 161837017 810844396 507576220 758127088 541662099 85046570 134649420 889196923 546186363 171581070 996217918 570621420 350070779 72329421 824031462 45846211 694330690 648338596 37699464 980658751 936403748 345579875 209361944 692818058 17200712 230314802 429410654 417616901 409005915 221071505 873875866 853858781 314693605 978894657 525018214 40382970 197674405 434992235 768648255 778066747 17441809 327500364 108805264 382811925 40063682 535762944 776569436 421423730 962542613 550000265 551956494 879874858 875677515 469727325 129357477 211846401 88056063 62434381 46343342 799282897 279347728 13508880 440288057 191302107 470264437 302216093 369976992 770461403 992941582 413472682 972128159 795451453 768852561 497815687 726976908 690851500 483140538 966633573 195466007 172587892 406357649 549271658 438584869 485160022 694321590 898697696 
max=5228 50153107 149302398 86742361 343840179 639827309 879977113 923260038 912352239 123192655 677073071 479520247 617579448 907442034 150871646 411264260 836117574 680878911 106162518 509297558 247553441 437690115 887892876 92839813 645035341 584284243 976112607 738025671 706380692 837892600 508346949 66801557 965683446 504614833 437909225 575038496 960013175 811960407 572077420 224978942 676742052 211279265 695161649 537740178 448603606 860149157 57960539 744129777 807812520 385269793 651647748 235575991 298583516 296802895 13842015 391882904 753655557 199140694 158113650 139640580 272848662 68082943 74318843 808851470 766969365 913309340 265909181 586157238 857824110 259021860 448671476 328160650 923317439 359118117 596679491 898016323 263870131 362116155 126145187 850383453 485602648 170762723 699412502 789482193 625806235 236893800 697677532 895743995 463599723 426574423 870320179 905988441 743777511 961248514 847044199 517807734 787805959 777520011 230918166 687267166 614082163 552115069 673174181 635326228 415580560 953694942 183127590 389122214 196121263 671106789 404023108 517245816 651977101 439516153 197550858 464922679 702989712 620261479 389195759 328938842 685863217 351232464 989045912 603355063 999464009 192248432 364095151 771723623 935194381 717546915 695931258 872530900 623345493 667483835 24973070 393051999 753673185 456618918 692403755 151282226 304007295 697281612 87999966 601083781 348918782 497968153 241345718 857152535 440076555 689749124 387094674 934635147 568404424 700615643 574980878 182836579 794178253 542019809 65340082 455825061 208572514 33839262 321960603 797324339 293946789 96361867 626347266 355420019 508229736 180127362 46953760 390401320 420550363 234812190 578691731 699916617 549122767 94422488 841325011 42698964 828549329 610137263 522491640 707710741 598951962 998293460 10291233 338134418 133229977 987709391 849249940 590689860 686312753 660021206 406201544 244925728 716909868 283875897 959228922 762841427 677488910 53670546 914440772 808366517 166597961 432525309 921349453 999379875 969572984 272917157 858735184 181101557 258140935 526519096 514005394 268180203 941236046 282096741 877219709 164572026 414519169 779125287 328365905 968372926 448138857 460511748 531319901 463434018 508666883 115466075 744260069 901063445 746870575 66054315 905151019 199415222 475773737 747786849 13053677 577865703 325326934 436717758 833794740 6288626 644519473 364208367 687726046 831174550 900572697 173699844 64215875 5380571 317255380 743879765 250421316 866544799 273841167 205503043 370035238 838156133 431528758 977059684 936542139 37726292 496278179 145693761 705875879 421199527 715070910 3871418 301261595 467516673 984324578 980168945 336040503 161652816 612198788 358515570 469151752 135076529 757041936 369998906 293280673 178190253 846492171 864531474 825129944 3649791 261240714 733405851 790420748 865313671 226974148 225015739 275544128 34579061 189654588 213776019 732916728 606195364 305179364 667502767 472018572 961428189 527497405 448687293 739891687 516187146 557997337 969456492 230228265 530321269 323032212 955930767 642133324 317207194 359977186 320569451 823928829 476141105 87777007 876206121 544808087 704315580 705093223 417286428 775479038 796511638 814620657 711889095 38203660 732509279 339401626 323377881 240398164 545906777 444235550 708002303 740174001 837597141 647962225 373647114 997956891 320746784 553245494 718359921 838908005 837900694 440785826 135139762 875029629 475601107 170831197 181292771 928292383 936669789 294301034 981770637 6019935 816136778 102867774 5010148 210215383 273034150 199608949 967683104 632579388 260547117 572347183 775772249 352215517 594305242 957553007 689802649 970064611 216396058 257825951 420942472 75921084 86679841 743524633 629001546 45903112 970205134 574185622 121806761 574201738 420540049 357225622 381559262 635503607 806780425 623838755 830543227 664477474 387475717 325145594 816224905 385415604 429208530 622618820 236578510 100982429 234266088 518489176 471876371 183985530 558611095 714888934 449273946 247821351 91905302 600492840 102725055 110208477 801690919 990812269 316118154 93737107 464138929 470214428 907305830 114324860 109527261 656139121 180236040 591079895 158382613 685675251 583713753 60696665 234387257 545697125 477888215 547852588 682577752 89091037 189941032 606975818 737688001 747250853 767258926 268240159 278999594 277380916 852355308 825061136 978293687 27255615 263063557 329623932 572874675 463043132 712470410 884597175 23318781 13890425 235393124 497307915 939305933 141001276 167846554 250614203 865397004 587983100 840108196 920881325 30355837 415976687 961716506 933755128 993565967 907733936 165975261 313463302 525910104 795842035 291285229 827739414 661592827 260745639 604638294 940798233 279640625 68353330 724248969 494132980 299316584 85462219 833949074 319225062 467005331 840262160 288815391 448696847 643557624 332578221 307339519 626047031 407978176 404259920 
max=5230 752410674 996736127 127163905 640878605 401995398 103784047 519475218 781084347 268334621 3821229 504512325 348868635 602259630 832901083 21361945 970619391 953431399 682432116 789878927 765698839 890663651 760297225 413829903 206263264 880098037 683372533 387065127 714736275 194853782 141141277 464461528 438796383 968579016 722857256 283127435 995441241 309433394 402815863 951938832 506491329 439339249 712386798 304881211 710578315 500199267 76486928 425189024 811224730 134820746 702497508 447966051 680229577 341529432 197280379 189637361 649651934 64286064 463353745 410809514 165886311 836684231 285976698 916768784 86623314 953592574 179410606 311769529 264257873 936133775 719719737 997411062 972895239 544871277 96610013 344410352 417854756 612960701 645650165 14274496 780842160 736186728 531499774 87880391 922824298 179690628 489941524 266039099 144219740 353747379 678425941 684219422 974840288 801175991 957338226 481374820 68946473 345129617 383243577 913972085 295826984 679556689 50472642 934102637 810434656 438033604 822118885 483056992 799660061 948351706 784355263 392813264 146887705 70096567 90225417 412762143 50719885 779611773 728366180 443388951 75884357 433947206 991072340 624789525 207914929 866341476 734909039 519109832 628035240 291721616 734049590 483296735 29462986 404229494 720302229 367565987 531215351 204380126 908606065 922743401 266200656 13146357 450495312 415811688 469041961 449483437 251038202 65443143 83278672 859032244 21795960 670129872 113498868 81392383 513521104 29509126 275237466 754711135 487001175 317760674 377454116 324635645 476495626 730358768 453616631 649176670 632894355 55628351 953290009 788119677 414528431 683743296 519930764 720753742 220417798 994869500 195667765 299301508 18128013 634940173 127264929 553588980 603927108 26594048 949050177 124218847 93768703 799530749 769825621 603663428 79579834 756181633 258153449 377677990 233295605 774320183 646276760 429998236 158170220 456811715 5290683 501244219 698794543 861852760 836241770 253582838 968756113 891259045 857227031 605084454 597748489 709182122 217982719 544663161 476707582 33452882 895741000 760999485 790369174 847818712 637664914 810718328 224273875 49203013 307076010 809402280 893758625 956294166 389530781 784086043 109681300 339633263 161388707 287994907 615053219 832471046 398656681 880283820 344806776 945925392 585740059 145581922 692169522 282449070 39028714 682410569 720290518 358975706 755346102 517189528 475925554 179175737 571804350 283875268 671826650 672556797 209987068 169125577 833419239 861826588 994632601 864989645 608879958 176408278 594195193 787364857 694015332 64089130 715892427 264791369 851061724 88123645 320915755 784293008 963180789 295956374 958693313 786742486 160840648 243143155 908597765 840182690 199954274 996431911 830188008 75120927 855132930 238395511 630574429 379417943 101492511 168913248 901121764 355496352 712159333 397645875 496914387 415129167 188732513 93923664 26167840 201410349 206507330 502220058 119835101 224424196 186214159 64817274 348907490 431926172 710937643 416924041 760788773 24338755 131738614 115759008 734625097 90608202 201816053 468250848 800017389 462901267 377090131 173356068 783511021 45478563 280316799 465492090 860037715 724542576 990705271 882700437 395842315 14190109 292990767 913267474 461565226 168430008 818001425 289925656 380627873 419803509 893908583 59190202 131336319 442589429 318636230 796864437 457037603 964113099 437296709 743381555 47572351 454569332 814295587 470868719 138785216 159258523 439735047 71414653 563545154 507961154 524552205 534560983 346147186 303958576 871577917 899960758 555492878 333853814 143415042 675154429 597717120 817891369 698258907 316945967 717921619 747009597 974965530 51684633 69989114 867065517 302654001 11835482 515070027 999944371 670784324 973455258 522598329 945911641 778100148 226302345 246639518 692897843 718675986 103045468 819150983 639029981 358249114 459399004 75154096 893696990 604048099 385085093 618859414 405614548 834308509 596449033 685740731 765677651 145392004 149950891 302317771 707953870 681341421 612870410 419245187 234188641 987899437 137914507 7803240 85494375 334236989 293623335 362322544 295658951 947673161 841740356 610183069 518388662 37505524 24585068 614443493 280038808 293482143 463806456 419998471 810161575 907156040 839360747 908576382 582791700 543157443 794313221 855499338 828628330 80322414 92070174 9461636 263425491 706073484 594108293 867555496 322338691 960980017 914804405 922170809 13868770 93000847 352604878 700650582 782872974 620683245 443397839 511073316 783928144 663665827 870228434 109176962 664205300 757563054 148155715 115731538 242952783 803094434 123349211 563668360 118665138 485712559 511918720 41339719 538376458 290991253 823947758 138335635 216369749 588677896 750478332 172538025 412861047 75914871 570636712 337928045 677854896 526692731 915548124 279309579 755424412 172139943 153313954 724217347 
max=5239 504043351 748231669 264018189 685142695 322691063 145612691 758505990 215533092 609059645 723939614 590314687 366345896 427364880 636448547 924492983 965634972 310926777 741848061 864004141 803664607 715433597 454911613 755072305 98265903 302941604 125436150 224733650 855475899 31157035 595259717 821453371 840849162 420817519 732231637 237239113 897292346 643634855 155703971 650893492 688039954 294433371 866030440 566795679 14411369 95308093 615925183 482745373 704585642 736712638 115978237 341776393 844103562 277186885 102483961 750581696 54190124 103213776 110576991 863503308 850795061 81868088 572550918 684707744 282933428 121222925 389157415 648416676 980912481 205323194 239913006 225102493 570835537 731457655 194681559 582828686 374673546 61078676 800260945 620385617 882401530 19220560 829643666 394664964 354488272 792822662 102543020 922035236 869185576 814934695 554257364 737042776 602004937 611984533 266421078 171882544 465004374 292058289 446098434 767037355 818524392 716471776 63133930 358612343 119065838 226650078 936544762 849967991 227909557 893029271 798688184 165055130 179759382 79188219 943732639 600011762 930247378 689991588 895506864 676728784 415378641 863036295 658084467 599276201 936346882 200106477 157412305 334583819 89491997 698700246 45260204 524889522 325463196 538256127 591972341 9508463 308977909 472000303 503459098 832629863 562274976 562698291 485377013 146691129 414144436 272646979 897187240 712926582 221242808 347668388 677022722 859724943 800952867 309082476 337027442 574002305 263172078 449229880 33921528 458537903 945673917 953754679 417480086 481104719 471641951 379522657 24415151 897329815 358817541 699645230 543529659 707791457 917470380 174331689 597133033 455573791 410987098 723394419 960042129 509603897 642972208 992153252 747727022 444775477 233626517 345439084 220433930 400102617 436365446 247793535 690305260 572016657 776983378 938270443 545721206 982498959 477984120 411709895 689160722 911238031 387411348 556916885 40571942 299199369 27918702 801134135 906453705 610354396 175779072 262578337 454702493 267654146 813023717 514645955 428200391 70298816 747096275 123262734 907464353 598096082 157064695 791170417 564402752 263679601 868867685 478598929 326084762 397327860 314163681 199056563 885075964 589208041 171159863 843710591 683608516 115058021 529677074 980726154 128616400 516135877 782751002 506821636 450936476 724925567 162601511 45943117 167652331 478502761 467064440 604742505 408239642 562176764 51890059 195228470 651286434 744727794 902340554 51187763 556015320 990084924 580308533 983717674 66336675 639557103 389510474 757558552 502245125 548246353 804893339 294152698 828023285 913590437 698664278 347065986 342949246 490110139 222443509 8265287 914779448 140827374 590291705 926274313 729887756 216778427 73925424 120879133 893047386 791925511 616344117 260603137 424941123 710043115 137210832 136422452 170124802 204140953 242277444 651865953 216337505 450972348 876258858 424667188 270973301 680779713 685050679 50323042 117257990 79048148 923070505 624318912 270004938 802042773 974181583 393502557 245475606 683798472 299374766 594464110 190164403 799570014 43440338 697632375 46592552 807357786 58164709 118694425 796661362 409046664 10892142 984451797 928722290 647100604 869905174 542035456 606932095 893136727 511199207 590687148 419291903 539985232 510824686 277493876 304964315 547565063 66725770 591473879 919103664 410551152 903148267 94093258 683857062 975712664 265461187 787500807 464904720 675711119 138937387 351492076 301898357 710092810 275956798 656633765 477079553 454145440 979334448 186446082 987270746 772815154 463821067 817943494 264496373 255440368 136448806 35034229 127396523 252572465 555223598 806787940 947716282 271201817 690443857 861192943 367782248 723634541 410451039 591932866 109113999 358914697 494684792 354521780 216135203 57976810 933157361 904110990 153099513 762446553 92255617 116528081 375294550 514433275 166874941 160189050 287717766 557860959 164340274 546624789 313079896 226340035 110524812 602375610 326772529 445367979 317366044 923621590 650779781 328758321 593988210 810033413 389883478 600123251 755444957 661787429 479204692 668013183 368683105 877255156 328795430 711924512 652557687 42985133 831659708 145867626 649891033 47007815 246162840 60351822 800653468 47373164 772091792 768672866 432836073 801813601 540079241 849957358 664818824 610524188 376264601 245469215 566471303 859025717 590886725 825867888 947502019 277151128 959694569 845982219 717108137 413430829 616928184 552436101 868152115 455670159 903603601 728865136 930223687 283174358 897531916 907463774 558956579 217287743 179807871 164183780 940564328 416161582 356439041 796373827 33973800 29170839 340983732 898717853 470736408 81787826 158122346 732420719 470352273 809104814 472339400 974445787 160295819 942860159 470613459 960875725 589185389 745011135 623293558 354196135 123840778 186959355 202904381 949239074 282424989 
max=5253 160900165 874697767 702357546 340782133 934470888 363221256 696240798 782372397 712318586 203873311 681874810 578673932 435775235 496650456 130338096 246375322 854849979 298760280 867746355 914673018 968285005 673609961 405004899 595132442 7700608 205783953 896188436 924607985 172759743 754525598 822303234 260873029 545290103 396212063 381699030 501463739 778530334 108170149 346792957 239348807 864732447 792278206 252404651 374595374 122857406 913643920 626061579 130259273 531304473 221017184 907772272 910951551 226752504 728103421 163062895 896916795 322409827 338029158 396728938 902389997 203927890 570160457 5643142 163365999 913909275 383601550 964210273 249181759 767450270 388275586 431854844 265543258 589344638 951574146 130248386 800759025 238101586 354951178 405316633 557597667 836242779 214434226 866646432 920220251 902889663 350767791 870065291 235694970 964533524 396728078 545302263 686227655 356513161 723759561 294633637 865521912 741181405 780942720 330789857 561384098 39081178 239944294 976497645 507894908 554861658 812679706 320555192 907801724 451304263 805499791 120437502 870788298 384018623 780335836 748453074 379592025 955164793 556543036 316803969 269604746 868749070 67929251 136053333 72759763 302767338 124412966 788401885 913885481 604615625 758782904 934060716 29501718 563263126 690443160 638573712 962973038 981670086 578628070 911079762 486171840 492346839 883341954 514642408 63254432 342351471 744426009 195568474 856330631 747051654 732693783 309181834 369054132 39571002 808347953 56639619 449536731 631061550 554848013 797014900 693050237 483805227 155201790 531590849 261706050 582936082 874698027 500547051 96207699 313710619 18586609 468049138 151799758 405238166 678250293 273430883 833524203 488847576 339438696 843037444 198907961 767787998 99987756 806081321 867670416 469424349 94162255 378561359 18490180 126684500 978893859 372904441 472641940 732385029 740386876 558851704 218167865 796959179 634727631 46600877 640282501 747673919 71908399 635572214 258498971 193260561 790188185 191351605 609866992 400214001 891925150 539719303 948267080 91680944 691329975 804034413 689240222 389970039 365067891 7204827 20835399 489769413 70234068 419891452 507059188 37181084 716703093 416239356 714633019 489209262 287573281 282326715 817860206 145673785 194050025 703507583 272387702 302150071 679330375 231867001 380917780 40122031 318671736 755947445 953864489 624686511 938777002 372780685 994043992 161340387 504978407 154352677 502134367 538938542 444956702 783647355 593034355 606249848 676727320 866612249 352024777 423568562 905037139 720245203 751373198 518823872 60029674 728036911 219017082 340427283 667472865 477584847 109432857 243581084 832524508 582569393 505748791 46026987 7816327 292002117 187658420 121458484 464793822 997142322 147851120 936017793 540967849 729481617 731689332 194183706 304700316 530112976 677699989 183301944 78462576 232592981 888874943 621381106 770042229 704929634 167683351 128346706 385435012 503960086 104567164 341750954 294954016 324255980 705832284 512914974 364285631 678994193 359229458 60513461 76295472 778727275 182220071 224814564 430924027 457067876 958525493 405539758 434105993 146824719 380883691 19996588 137817582 993401215 748897218 515066453 572950436 73385449 150943457 272827999 477299377 16281156 965863721 64949624 122181872 97476387 149637618 880096200 653512854 347087999 854191237 388341059 987323152 344587768 486090155 916646234 344577966 896731015 370496457 697491640 170621677 27078802 224871953 908005219 640816194 449842977 549185204 858908240 369957531 995030122 48407732 671821357 827282543 872231119 429308064 13457796 409162441 654149831 609544047 639787800 498593680 717757172 274321638 705666660 545234917 781035583 126599167 702263202 452888260 476173599 218489703 510575476 567629077 623628416 969461872 453855982 412116466 364927800 407185680 370412018 99891523 56577651 799424136 613956552 690221279 12376476 639097996 493540967 951196626 898559742 27345651 38634782 1784312 383445734 84050709 314103399 689614572 307494817 986389392 433005509 54944965 389787148 126966440 935018742 670753164 110442407 418820602 489740171 338323738 127617829 876510076 357549120 323661150 14565458 720989881 49567862 659421184 370267166 898024715 802324152 93737508 187464511 930942242 852213158 399794304 61719726 253794826 879373628 497924745 942352955 40080019 478000075 913768996 186891338 547744297 784033754 155859162 772104301 429690844 447671269 252226541 772359060 677446177 587477924 836952522 378101193 819575309 248245636 513410083 801390559 183324949 667891231 259675680 31945454 698563833 877302282 909195761 737109806 134516432 554191481 10326915 848505271 595856562 973379688 406493483 259605644 521930960 643123498 167896618 106349075 14117444 106181211 752031386 558771552 633687236 919730649 735624313 584491469 690192785 149159934 702021609 657967449 366019504 575152760 784782709 344061467 939763422 
max=5272 746706009 917308664 964827227 40271210 460981473 48381519 231096503 66950587 55905167 880506600 344807408 918228797 189319925 820018785 993910209 432739874 137189779 631683552 143245183 742379831 838822168 155936320 826469939 828383997 549946319 702380080 217808023 909328112 160232029 700137900 779607135 985051616 300042156 375582603 637620761 801900861 76555170 221982005 756617333 258572736 338732559 472572439 181360700 614673815 362716189 266035112 844564757 537666629 253238860 311637955 209322683 980544008 546122867 102645780 64257366 754585092 801415493 703661537 329100055 579211157 73201881 496624170 814118732 405767718 679726504 550300940 578699540 480726182 979484316 789349303 247710982 648957180 663208335 973673471 674116342 18849726 922668690 999640139 696558926 155958853 24248247 227887706 16045997 972931069 294782578 771760531 888432961 919044852 535971539 667031755 437375108 40112438 964612114 645662303 274056502 662901664 347855860 965719382 916851837 868435281 424527988 576102033 380650773 551529424 855588537 770978344 691239355 160475383 321889205 610552202 79420215 256169202 572678068 914832863 866887772 235367610 142320177 515524779 205392297 130435429 547698072 96832501 671026025 764502321 329310355 111190958 342276784 589876585 146312000 811148614 78886954 89041977 414440251 562834769 360378786 923710473 578860853 685135781 256410721 20708567 508119758 573717196 587215224 286317044 424107440 544461100 89226932 399449302 117270169 15888408 704578898 894552426 126705722 894313368 321311017 187123518 750981537 19020799 488460751 712024107 223440274 664166331 511590818 930995613 873919943 467448783 718455071 221049829 372235491 803729318 660387309 874840490 735306174 786550345 556856753 659927067 478415365 844195388 60204457 843107170 869966152 988011698 345130265 202293041 425109771 670952937 37040313 724780878 654512678 596657745 217473152 969017709 533287253 31339775 682194881 904854984 355288768 744439723 163057275 392428231 347391494 81798857 696860287 974252043 662901809 638994202 267593761 186270 527809801 645313825 217395322 304344714 927522094 318980738 283079934 608877090 872734337 446074609 924807022 694155163 391652456 906849697 2494541 751581680 149748308 477962791 393179632 912537665 455781633 206316569 428655669 209531189 367896448 883597047 425515631 602872349 340630828 359695126 182194572 295469967 132225346 521851742 591246088 791701008 516997141 16564979 86886375 506007447 482813118 381704253 806788557 205529557 30721493 460772482 742225066 317219835 4898363 280877781 63461225 966541182 942093687 790358989 829929944 168696121 967834160 635825929 538387607 760549162 551100747 57384960 617276678 6375280 863931404 549309997 461925146 510108945 103092045 129115958 430994747 986244268 257469249 487900106 598474825 566138652 786286394 929199261 980212964 660952145 586829537 810120599 586089219 695687803 547974137 439505367 765647530 77551090 189832577 11739775 582898169 343456528 288223917 197605937 321989047 296656715 453375445 387499425 505060952 223827617 199432022 904979049 856336801 906232769 31276693 257469193 7350280 802440125 778045970 371837553 670327427 929763905 98059160 356180787 295953259 853197868 149398527 376926399 464845063 994694617 784069487 558729194 954913829 428427409 495657158 549968342 856216693 462338555 89851786 115445134 417060086 210537240 138051287 422014962 135560344 413957317 318517919 654786607 402014885 181648790 495631007 899990445 197331477 468482130 505403077 916736784 80578885 319464659 880168992 545215838 614920551 610390624 663591789 983326658 791845713 331279162 372601271 879381000 67502765 934733117 246993031 465899636 819312858 74231150 432470054 123130269 116634555 573228296 965194403 566029636 258644195 423952426 959922830 902875755 60273315 819563505 240495682 133665160 410252566 4770885 102836882 206805947 52280107 578133403 716285618 471909062 508626378 154154381 910089644 227746663 691992676 62459043 454563600 607557220 130361222 975852697 209358961 850608675 335020680 19816053 139639324 620019698 816578757 272826546 199519778 416148768 470109116 707218658 209107795 865777361 411362214 40895852 279328012 654190352 534388799 717405616 379571453 556010411 822553714 901360952 185211346 649948706 737294949 248975491 325544300 133245082 675690786 548095858 867483808 520355263 660300555 336627437 588781541 303949487 504649889 712623316 80882756 367859877 665924182 660256947 384159640 601757166 448088599 983208742 299619506 809094515 739151588 230319582 784295383 331718402 835587748 244575905 834897097 744015358 61006937 415761530 935191481 641213630 312108237 802065633 891512895 120507712 257110450 153372709 527746863 5597337 836734234 553679274 843077612 799797682 415821258 389573188 630404652 358995248 314973920 954400976 689165919 686355259 143056712 832816385 377723194 883621403 453338802 6740624 967720219 302289204 6338959 664888790 692309420 13904739 816280967 493240839 
